

================================================================
== Vitis HLS Report for 'matrix_multiplier'
================================================================
* Date:           Sat Aug 31 11:36:49 2024

* Version:        2023.2 (Build 4023990 on Oct 11 2023)
* Project:        matrix_multiplier-vhls
* Solution:       solution1 (Vivado IP Flow Target)
* Product family: zynq
* Target device:  xc7z020-clg400-1


================================================================
== Performance Estimates
================================================================
+ Timing: 
    * Summary: 
    +--------+----------+----------+------------+
    |  Clock |  Target  | Estimated| Uncertainty|
    +--------+----------+----------+------------+
    |ap_clk  |  10.00 ns|  7.256 ns|     2.70 ns|
    +--------+----------+----------+------------+

+ Latency: 
    * Summary: 
    +---------+---------+----------+----------+-----+-----+---------+
    |  Latency (cycles) |  Latency (absolute) |  Interval | Pipeline|
    |   min   |   max   |    min   |    max   | min | max |   Type  |
    +---------+---------+----------+----------+-----+-----+---------+
    |        ?|        ?|         ?|         ?|    ?|    ?|       no|
    +---------+---------+----------+----------+-----+-----+---------+

    + Detail: 
        * Instance: 
        +-----------------------------------------+-------------------------------+---------+---------+----------+----------+-----+-----+---------+
        |                                         |                               |  Latency (cycles) |  Latency (absolute) |  Interval | Pipeline|
        |                 Instance                |             Module            |   min   |   max   |    min   |    max   | min | max |   Type  |
        +-----------------------------------------+-------------------------------+---------+---------+----------+----------+-----+-----+---------+
        |grp_matrix_multiplier_Pipeline_L2_fu_91  |matrix_multiplier_Pipeline_L2  |        ?|        ?|         ?|         ?|    ?|    ?|       no|
        |grp_matrix_multiplier_Pipeline_L5_fu_99  |matrix_multiplier_Pipeline_L5  |        ?|        ?|         ?|         ?|    ?|    ?|       no|
        +-----------------------------------------+-------------------------------+---------+---------+----------+----------+-----+-----+---------+

        * Loop: 
        +----------+---------+---------+----------+-----------+-----------+------+----------+
        |          |  Latency (cycles) | Iteration|  Initiation Interval  | Trip |          |
        | Loop Name|   min   |   max   |  Latency |  achieved |   target  | Count| Pipelined|
        +----------+---------+---------+----------+-----------+-----------+------+----------+
        |- L1      |        ?|        ?|         ?|          -|          -|     ?|        no|
        |- L3_L4   |        ?|        ?|         ?|          -|          -|     ?|        no|
        +----------+---------+---------+----------+-----------+-----------+------+----------+



================================================================
== Utilization Estimates
================================================================
* Summary: 
+-----------------+---------+-----+--------+-------+-----+
|       Name      | BRAM_18K| DSP |   FF   |  LUT  | URAM|
+-----------------+---------+-----+--------+-------+-----+
|DSP              |        -|    -|       -|      -|    -|
|Expression       |        -|    -|       0|    369|    -|
|FIFO             |        -|    -|       -|      -|    -|
|Instance         |        -|    9|     691|   1006|    -|
|Memory           |        0|    -|      32|      5|    0|
|Multiplexer      |        -|    -|       -|    117|    -|
|Register         |        -|    -|     277|      -|    -|
+-----------------+---------+-----+--------+-------+-----+
|Total            |        0|    9|    1000|   1497|    0|
+-----------------+---------+-----+--------+-------+-----+
|Available        |      280|  220|  106400|  53200|    0|
+-----------------+---------+-----+--------+-------+-----+
|Utilization (%)  |        0|    4|      ~0|      2|    0|
+-----------------+---------+-----+--------+-------+-----+

+ Detail: 
    * Instance: 
    +-----------------------------------------+-------------------------------+---------+----+-----+-----+-----+
    |                 Instance                |             Module            | BRAM_18K| DSP|  FF | LUT | URAM|
    +-----------------------------------------+-------------------------------+---------+----+-----+-----+-----+
    |grp_matrix_multiplier_Pipeline_L2_fu_91  |matrix_multiplier_Pipeline_L2  |        0|   0|    6|   40|    0|
    |grp_matrix_multiplier_Pipeline_L5_fu_99  |matrix_multiplier_Pipeline_L5  |        0|   5|  520|  916|    0|
    |mul_32ns_32ns_64_2_1_U14                 |mul_32ns_32ns_64_2_1           |        0|   4|  165|   50|    0|
    +-----------------------------------------+-------------------------------+---------+----+-----+-----+-----+
    |Total                                    |                               |        0|   9|  691| 1006|    0|
    +-----------------------------------------+-------------------------------+---------+----+-----+-----+-----+

    * DSP: 
    N/A

    * Memory: 
    +-----------+-----------------------+---------+----+----+-----+------+-----+------+-------------+
    |   Memory  |         Module        | BRAM_18K| FF | LUT| URAM| Words| Bits| Banks| W*Bits*Banks|
    +-----------+-----------------------+---------+----+----+-----+------+-----+------+-------------+
    |x_local_U  |x_local_RAM_AUTO_1R1W  |        0|  32|   5|    0|     9|   32|     1|          288|
    +-----------+-----------------------+---------+----+----+-----+------+-----+------+-------------+
    |Total      |                       |        0|  32|   5|    0|     9|   32|     1|          288|
    +-----------+-----------------------+---------+----+----+-----+------+-----+------+-------------+

    * FIFO: 
    N/A

    * Expression: 
    +-----------------------+----------+----+---+----+------------+------------+
    |     Variable Name     | Operation| DSP| FF| LUT| Bitwidth P0| Bitwidth P1|
    +-----------------------+----------+----+---+----+------------+------------+
    |add_ln13_fu_177_p2     |         +|   0|  0|  71|          64|           1|
    |add_ln14_fu_207_p2     |         +|   0|  0|  39|          32|           1|
    |add_ln7_fu_135_p2      |         +|   0|  0|  39|          32|           1|
    |cmp2_fu_112_p2         |      icmp|   0|  0|  39|          32|           1|
    |icmp_ln13_fu_172_p2    |      icmp|   0|  0|  71|          64|          64|
    |icmp_ln14_fu_186_p2    |      icmp|   0|  0|  39|          32|          32|
    |icmp_ln7_fu_130_p2     |      icmp|   0|  0|  39|          32|          32|
    |select_ln13_fu_196_p3  |    select|   0|  0|  32|           1|           1|
    +-----------------------+----------+----+---+----+------------+------------+
    |Total                  |          |   0|  0| 369|         289|         133|
    +-----------------------+----------+----+---+----+------------+------------+

    * Multiplexer: 
    +----------------------+----+-----------+-----+-----------+
    |         Name         | LUT| Input Size| Bits| Total Bits|
    +----------------------+----+-----------+-----+-----------+
    |ap_NS_fsm             |  53|         10|    1|         10|
    |i_fu_46               |   9|          2|   32|         64|
    |indvar_flatten_fu_62  |   9|          2|   64|        128|
    |j_fu_58               |   9|          2|   32|         64|
    |x_local_address0      |  14|          3|    4|         12|
    |x_local_ce0           |  14|          3|    1|          3|
    |x_local_we0           |   9|          2|    1|          2|
    +----------------------+----+-----------+-----+-----------+
    |Total                 | 117|         24|  135|        283|
    +----------------------+----+-----------+-----+-----------+

    * Register: 
    +------------------------------------------------------+----+----+-----+-----------+
    |                         Name                         | FF | LUT| Bits| Const Bits|
    +------------------------------------------------------+----+----+-----+-----------+
    |ap_CS_fsm                                             |   9|   0|    9|          0|
    |bitcast_ln17_reg_285                                  |  32|   0|   32|          0|
    |bitcast_ln9_reg_252                                   |  32|   0|   32|          0|
    |cmp2_reg_247                                          |   1|   0|    1|          0|
    |grp_matrix_multiplier_Pipeline_L2_fu_91_ap_start_reg  |   1|   0|    1|          0|
    |grp_matrix_multiplier_Pipeline_L5_fu_99_ap_start_reg  |   1|   0|    1|          0|
    |i_fu_46                                               |  32|   0|   32|          0|
    |icmp_ln14_reg_301                                     |   1|   0|    1|          0|
    |indvar_flatten_fu_62                                  |  64|   0|   64|          0|
    |j_fu_58                                               |  32|   0|   32|          0|
    |mul_ln17_reg_290                                      |  64|   0|   64|          0|
    |trunc_ln14_reg_306                                    |   4|   0|    4|          0|
    |trunc_ln7_reg_260                                     |   4|   0|    4|          0|
    +------------------------------------------------------+----+----+-----+-----------+
    |Total                                                 | 277|   0|  277|          0|
    +------------------------------------------------------+----+----+-----+-----------+



================================================================
== Interface
================================================================
* Summary: 
+----------+-----+-----+------------+-------------------+--------------+
| RTL Ports| Dir | Bits|  Protocol  |   Source Object   |    C Type    |
+----------+-----+-----+------------+-------------------+--------------+
|ap_clk    |   in|    1|  ap_ctrl_hs|  matrix_multiplier|  return value|
|ap_rst    |   in|    1|  ap_ctrl_hs|  matrix_multiplier|  return value|
|ap_start  |   in|    1|  ap_ctrl_hs|  matrix_multiplier|  return value|
|ap_done   |  out|    1|  ap_ctrl_hs|  matrix_multiplier|  return value|
|ap_idle   |  out|    1|  ap_ctrl_hs|  matrix_multiplier|  return value|
|ap_ready  |  out|    1|  ap_ctrl_hs|  matrix_multiplier|  return value|
|A         |   in|   32|     ap_none|                  A|       pointer|
|x         |   in|   32|     ap_none|                  x|       pointer|
|y         |  out|   32|      ap_vld|                  y|       pointer|
|y_ap_vld  |  out|    1|      ap_vld|                  y|       pointer|
|m         |   in|   32|     ap_none|                  m|        scalar|
+----------+-----+-----+------------+-------------------+--------------+

